(:kind :START-TAG :tag "p" :attrs NIL :data NIL)
(:kind :TEXT :tag NIL :attrs NIL :data "unclosed paragraph\n5 ")
(:kind :TEXT :tag NIL :attrs NIL :data "<")
(:kind :TEXT :tag NIL :attrs NIL :data " 10 and > 3\n")
(:kind :START-TAG :tag "script" :attrs NIL :data NIL)
(:kind :TEXT :tag NIL :attrs NIL :data "var s = \"")
(:kind :END-TAG :tag "script" :attrs NIL :data NIL)
(:kind :TEXT :tag NIL :attrs NIL :data "\";")
(:kind :END-TAG :tag "script" :attrs NIL :data NIL)
(:kind :TEXT :tag NIL :attrs NIL :data "\n")