(:kind :DOCTYPE :tag NIL :attrs NIL :data "html")
(:kind :TEXT :tag NIL :attrs NIL :data "\n")
(:kind :START-TAG :tag "html" :attrs NIL :data NIL)
(:kind :TEXT :tag NIL :attrs NIL :data "\n")
(:kind :START-TAG :tag "head" :attrs NIL :data NIL)
(:kind :TEXT :tag NIL :attrs NIL :data "\n")
(:kind :START-TAG :tag "meta" :attrs (("charset" . "utf-8")) :data NIL)
(:kind :TEXT :tag NIL :attrs NIL :data "\n")
(:kind :START-TAG :tag "title" :attrs NIL :data NIL)
(:kind :TEXT :tag NIL :attrs NIL :data "Example")
(:kind :END-TAG :tag "title" :attrs NIL :data NIL)
(:kind :TEXT :tag NIL :attrs NIL :data "\n")
(:kind :END-TAG :tag "head" :attrs NIL :data NIL)
(:kind :TEXT :tag NIL :attrs NIL :data "\n")
(:kind :START-TAG :tag "body" :attrs NIL :data NIL)
(:kind :TEXT :tag NIL :attrs NIL :data "\n")
(:kind :START-TAG :tag "h1" :attrs NIL :data NIL)
(:kind :TEXT :tag NIL :attrs NIL :data "Welcome")
(:kind :END-TAG :tag "h1" :attrs NIL :data NIL)
(:kind :TEXT :tag NIL :attrs NIL :data "\n")
(:kind :START-TAG :tag "p" :attrs NIL :data NIL)
(:kind :TEXT :tag NIL :attrs NIL :data "This is a ")
(:kind :START-TAG :tag "a" :attrs (("href" . "https://example.com")) :data NIL)
(:kind :TEXT :tag NIL :attrs NIL :data "link")
(:kind :END-TAG :tag "a" :attrs NIL :data NIL)
(:kind :TEXT :tag NIL :attrs NIL :data ".")
(:kind :END-TAG :tag "p" :attrs NIL :data NIL)
(:kind :TEXT :tag NIL :attrs NIL :data "\n")
(:kind :START-TAG :tag "ul" :attrs NIL :data NIL)
(:kind :TEXT :tag NIL :attrs NIL :data "\n")
(:kind :START-TAG :tag "li" :attrs NIL :data NIL)
(:kind :TEXT :tag NIL :attrs NIL :data "First item")
(:kind :END-TAG :tag "li" :attrs NIL :data NIL)
(:kind :TEXT :tag NIL :attrs NIL :data "\n")
(:kind :START-TAG :tag "li" :attrs NIL :data NIL)
(:kind :TEXT :tag NIL :attrs NIL :data "Second item")
(:kind :END-TAG :tag "li" :attrs NIL :data NIL)
(:kind :TEXT :tag NIL :attrs NIL :data "\n")
(:kind :END-TAG :tag "ul" :attrs NIL :data NIL)
(:kind :TEXT :tag NIL :attrs NIL :data "\n")
(:kind :END-TAG :tag "body" :attrs NIL :data NIL)
(:kind :TEXT :tag NIL :attrs NIL :data "\n")
(:kind :END-TAG :tag "html" :attrs NIL :data NIL)
(:kind :TEXT :tag NIL :attrs NIL :data "\n")