(:kind :DOCTYPE :tag NIL :attrs NIL :data "html")
(:kind :TEXT :tag NIL :attrs NIL :data "\n")
(:kind :START-TAG :tag "html" :attrs NIL :data NIL)
(:kind :TEXT :tag NIL :attrs NIL :data "\n")
(:kind :START-TAG :tag "head" :attrs NIL :data NIL)
(:kind :TEXT :tag NIL :attrs NIL :data "\n")
(:kind :START-TAG :tag "meta" :attrs (("charset" . "utf-8")) :data NIL)
(:kind :TEXT :tag NIL :attrs NIL :data "\n")
(:kind :START-TAG :tag "title" :attrs NIL :data NIL)
(:kind :END-TAG :tag "title" :attrs NIL :data NIL)
(:kind :TEXT :tag NIL :attrs NIL :data "\n")
(:kind :END-TAG :tag "head" :attrs NIL :data NIL)
(:kind :TEXT :tag NIL :attrs NIL :data "\n")
(:kind :START-TAG :tag "body" :attrs NIL :data NIL)
(:kind :TEXT :tag NIL :attrs NIL :data "\n")
(:kind :END-TAG :tag "body" :attrs NIL :data NIL)
(:kind :TEXT :tag NIL :attrs NIL :data "\n")
(:kind :END-TAG :tag "html" :attrs NIL :data NIL)